{"conName":"UserEnforceError","conIndex":"0"}
{"conName":"OneShotCapAlreadyUsed","conIndex":"1"}
{"conName":"CapabilityNotGranted","conIndex":"2"}
{"conName":"NoSuchObjectInDb","conIndex":"3"}
{"conName":"KeysetPredicateFailure","conIndex":"4"}
{"conName":"CapabilityPactGuardInvalidPactId","conIndex":"5"}
{"conName":"EnvReadFunctionFailure","conIndex":"6"}
{"conName":"VerifierFailure","conIndex":"7"}
{"conName":"CapabilityGuardNotAcquired","conIndex":"8"}

